// Jest Snapshot v1, https://goo.gl/fbAQLP

exports[`CoursewareContent renders correctly 1`] = `
<div>
  <div
    className="embed-responsive embed-responsive-1by1"
  >
    <iframe
      src="http://www.example.com"
      title="Just a dummy node to display"
    />
  </div>
</div>
`;
