// Jest Snapshot v1, https://goo.gl/fbAQLP

exports[`CoursewareNav renders correctly 1`] = `
<nav
  id="navigation"
>
  <h1>
    Demo Course
  </h1>
  <ul>
    <li>
      Chapter 1
      <ul>
        <li>
          Section 1.1
          <ul>
            <li>
              <a
                href="//v1.1.1"
                onClick={[Function]}
              >
                Vertical 1.1.1
              </a>
              <ul />
            </li>
            <li>
              <a
                href="//v1.1.2"
                onClick={[Function]}
              >
                Vertical 1.1.2
              </a>
              <ul />
            </li>
            <li>
              <a
                href="//v1.1.3"
                onClick={[Function]}
              >
                Vertical 1.1.3
              </a>
              <ul />
            </li>
            <li>
              <a
                href="//v1.1.4"
                onClick={[Function]}
              >
                Vertical 1.1.4
              </a>
              <ul />
            </li>
          </ul>
        </li>
        <li>
          Section 1.2
          <ul>
            <li>
              <a
                href="//v1.2.1"
                onClick={[Function]}
              >
                Vertical 1.2.1
              </a>
              <ul />
            </li>
          </ul>
        </li>
      </ul>
    </li>
    <li>
      Chapter 2
      <ul>
        <li>
          Section 2.1
          <ul>
            <li>
              <a
                href="//v2.1.1"
                onClick={[Function]}
              >
                Vertical 2.1.1
              </a>
              <ul />
            </li>
          </ul>
        </li>
      </ul>
    </li>
    <li>
      Chapter 3
      <ul>
        <li>
          Section 3.1
          <ul>
            <li>
              <a
                href="//v3.1.1"
                onClick={[Function]}
              >
                Vertical 3.1.1
              </a>
              <ul />
            </li>
          </ul>
        </li>
        <li>
          Section 3.2
          <ul>
            <li>
              <a
                href="//v3.2.1"
                onClick={[Function]}
              >
                Vertical 3.2.1
              </a>
              <ul />
            </li>
          </ul>
        </li>
        <li>
          Section 3.3
          <ul>
            <li>
              <a
                href="//v3.3.1"
                onClick={[Function]}
              >
                Vertical 3.3.1
              </a>
              <ul />
            </li>
            <li>
              <a
                href="//v3.3.2"
                onClick={[Function]}
              >
                Vertical 3.3.2
              </a>
              <ul />
            </li>
          </ul>
        </li>
      </ul>
    </li>
  </ul>
</nav>
`;
